// Jest Snapshot v1, https://goo.gl/fbAQLP

exports[`Row Component matches snapshot 1`] = `
<DocumentFragment>
  <div>
    <div
      class="grid grid-cols-3 gap-0 items-stretch my-8"
      data-testid="row-container"
    >
      <div
        data-testid="cell"
      >
        <div
          class="flex flex-col items-center justify-center relative"
        >
          <div
            class="relative w-fit mt-[-1.00px] font-bold text-black text-2xl leading-10 mb-2 whitespace-nowrap"
          >
            A1
          </div>
          <textarea
            class="w-full h-22 text-xs resize-none flex pt-4 px-4 pb-16 items-center bg-[#ececec] border-solid border border-black relative z-[1]"
            maxlength="148"
            placeholder="Isi sebab.."
            rows="1"
          />
          <div
            class="feedback-text mt-4"
            style="color: black;"
          >
              Feedback 1 
          </div>
        </div>
      </div>
      <div
        data-testid="cell"
      >
        <div
          class="flex flex-col items-center justify-center relative"
        >
          <div
            class="relative w-fit mt-[-1.00px] font-bold text-black text-2xl leading-10 mb-2 whitespace-nowrap"
          >
            B1
          </div>
          <textarea
            class="w-full h-22 text-xs resize-none flex pt-4 px-4 pb-16 items-center bg-[#ececec] border-solid border border-black relative z-[1]"
            maxlength="148"
            placeholder="Isi sebab.."
            rows="1"
          />
          <div
            class="feedback-text mt-4"
            style="color: black;"
          >
              Feedback 2 
          </div>
        </div>
      </div>
      <div
        data-testid="cell"
      >
        <div
          class="flex flex-col items-center justify-center relative"
        >
          <div
            class="relative w-fit mt-[-1.00px] font-bold text-black text-2xl leading-10 mb-2 whitespace-nowrap"
          >
            C1
          </div>
          <textarea
            class="w-full h-22 text-xs resize-none flex pt-4 px-4 pb-16 items-center bg-[#ececec] border-solid border border-black relative z-[1]"
            maxlength="148"
            placeholder="Isi sebab.."
            rows="1"
          />
          <div
            class="feedback-text mt-4"
            style="color: black;"
          >
              Feedback 3 
          </div>
        </div>
      </div>
    </div>
  </div>
</DocumentFragment>
`;
